******************************************************************************
                  TI ARM Linker PC v20.2.1                     
******************************************************************************
>> Linked Mon Feb 15 18:17:18 2021

OUTPUT FILE NAME:   <Impedance Meter.out>
ENTRY POINT SYMBOL: "_c_int00_noargs"  address: 00001415


MEMORY CONFIGURATION

         name            origin    length      used     unused   attr    fill
----------------------  --------  ---------  --------  --------  ----  --------
  FLASH                 00000000   00040000  00001492  0003eb6e  R  X
  SRAM                  20000000   00008000  00000201  00007dff  RW X


SEGMENT ALLOCATION MAP

run origin  load origin   length   init length attrs members
----------  ----------- ---------- ----------- ----- -------
00000000    00000000    00001498   00001498    r-x
  00000000    00000000    0000026c   0000026c    r-- .intvecs
  0000026c    0000026c    0000120e   0000120e    r-x .text
  00001480    00001480    00000018   00000018    r-- .cinit
20000000    20000000    00000201   00000000    rw-
  20000000    20000000    00000200   00000000    rw- .stack
  20000200    20000200    00000001   00000000    rw- .data


SECTION ALLOCATION MAP

 output                                  attributes/
section   page    origin      length       input sections
--------  ----  ----------  ----------   ----------------
.intvecs   0    00000000    0000026c     
                  00000000    0000026c     tm4c123gh6pm_startup_ccs.obj (.intvecs)

.text      0    0000026c    0000120e     
                  0000026c    000007c0     gpio.obj (.text)
                  00000a2c    00000492     main.obj (.text)
                  00000ebe    00000002     --HOLE-- [fill = 0]
                  00000ec0    000002e8     Terminal_lnterface.obj (.text)
                  000011a8    00000124     uart0.obj (.text)
                  000012cc    0000009c     rtsv7M4_T_le_v4SPD16_eabi.lib : memcpy_t2.asm.obj (.text)
                  00001368    00000068                                   : copy_decompress_lzss.c.obj (.text:decompress:lzss:__TI_decompress_lzss)
                  000013d0    00000044                                   : autoinit.c.obj (.text:__TI_auto_init_nobinit_nopinit:__TI_auto_init_nobinit_nopinit)
                  00001414    00000034                                   : boot_cortex_m.c.obj (.text:_c_int00_noargs:_c_int00_noargs)
                  00001448    00000010     clock.obj (.text)
                  00001458    0000000e     rtsv7M4_T_le_v4SPD16_eabi.lib : copy_decompress_none.c.obj (.text:decompress:none:__TI_decompress_none)
                  00001466    0000000c     tm4c123gh6pm_startup_ccs.obj (.text)
                  00001472    00000004     rtsv7M4_T_le_v4SPD16_eabi.lib : pre_init.c.obj (.text:_system_pre_init)
                  00001476    00000004                                   : exit.c.obj (.text:abort:abort)

.cinit     0    00001480    00000018     
                  00001480    00000008     (__TI_handler_table)
                  00001488    00000005     (.cinit..data.load) [load image, compression = lzss]
                  0000148d    00000003     --HOLE-- [fill = 0]
                  00001490    00000008     (__TI_cinit_table)

.init_array 
*          0    00000000    00000000     UNINITIALIZED

.data      0    20000200    00000001     UNINITIALIZED
                  20000200    00000001     main.obj (.data)

.stack     0    20000000    00000200     UNINITIALIZED
                  20000000    00000004     rtsv7M4_T_le_v4SPD16_eabi.lib : boot_cortex_m.c.obj (.stack)
                  20000004    000001fc     --HOLE--

__llvm_prf_cnts 
*          0    20000000    00000000     UNINITIALIZED

MODULE SUMMARY

       Module                         code   ro data   rw data
       ------                         ----   -------   -------
    .\
       gpio.obj                       1984   0         0      
       main.obj                       1170   0         1      
       Terminal_lnterface.obj         744    0         0      
       tm4c123gh6pm_startup_ccs.obj   12     620       0      
       uart0.obj                      292    0         0      
       clock.obj                      16     0         0      
    +--+------------------------------+------+---------+---------+
       Total:                         4218   620       1      
                                                              
    E:\Program Files (x86)\Texas Insturments\CCS1010\ccs\tools\compiler\ti-cgt-arm_20.2.1.LTS\lib\rtsv7M4_T_le_v4SPD16_eabi.lib
       memcpy_t2.asm.obj              156    0         0      
       copy_decompress_lzss.c.obj     104    0         0      
       autoinit.c.obj                 68     0         0      
       boot_cortex_m.c.obj            52     0         0      
       copy_decompress_none.c.obj     14     0         0      
       exit.c.obj                     4      0         0      
       pre_init.c.obj                 4      0         0      
    +--+------------------------------+------+---------+---------+
       Total:                         402    0         0      
                                                              
       Stack:                         0      0         512    
       Linker Generated:              0      21        0      
    +--+------------------------------+------+---------+---------+
       Grand Total:                   4620   641       513    


LINKER GENERATED COPY TABLES

__TI_cinit_table @ 00001490 records: 1, size/record: 8, table size: 8
	.data: load addr=00001488, load size=00000005 bytes, run addr=20000200, run size=00000001 bytes, compression=lzss


LINKER GENERATED HANDLER TABLE

__TI_handler_table @ 00001480 records: 2, size/record: 4, table size: 8
	index: 0, handler: __TI_decompress_lzss
	index: 1, handler: __TI_decompress_none


GLOBAL SYMBOLS: SORTED ALPHABETICALLY BY Name 

address   name                          
-------   ----                          
00001477  C$$EXIT                       
00001467  ResetISR                      
20000200  __STACK_END                   
00000200  __STACK_SIZE                  
20000200  __STACK_TOP                   
00001490  __TI_CINIT_Base               
00001498  __TI_CINIT_Limit              
00001480  __TI_Handler_Table_Base       
00001488  __TI_Handler_Table_Limit      
000013d1  __TI_auto_init_nobinit_nopinit
00001369  __TI_decompress_lzss          
00001459  __TI_decompress_none          
ffffffff  __TI_pprof_out_hndl           
ffffffff  __TI_prof_data_size           
ffffffff  __TI_prof_data_start          
00000000  __TI_static_base__            
000012cd  __aeabi_memcpy                
000012cd  __aeabi_memcpy4               
000012cd  __aeabi_memcpy8               
ffffffff  __binit__                     
ffffffff  __c_args__                    
UNDEFED   __mpu_init                    
20000000  __stack                       
20000000  __start___llvm_prf_cnts       
20000000  __stop___llvm_prf_cnts        
00001415  _c_int00_noargs               
UNDEFED   _system_post_cinit            
00001473  _system_pre_init              
00001477  abort                         
ffffffff  binit                         
00000a7d  clearScreen                   
0000089d  disablePinInterrupt           
000005d5  disablePinPulldown            
0000058d  disablePinPullup              
00000329  disablePort                   
00000879  enablePinInterrupt            
000005b1  enablePinPulldown             
0000055f  enablePinPullup               
0000026d  enablePort                    
00000000  g_pfnVectors                  
00001105  getFieldInteger               
00001095  getFieldString                
000008e7  getPinValue                   
0000099d  getPortValue                  
0000127b  getcUart0                     
00000ef1  getsUart0                     
00001449  initSystemClockTo40Mhz        
00000ec1  initTerminal                  
000011a9  initUart0                     
00001171  isCommand                     
0000128f  kbhitUart0                    
00000aa7  main                          
000012cd  memcpy                        
00000f51  parseFields                   
00001233  putcUart0                     
0000124f  putsUart0                     
00000493  selectPinAnalogInput          
00000445  selectPinDigitalInput         
000007af  selectPinInterruptBothEdges   
0000075f  selectPinInterruptFallingEdge 
00000805  selectPinInterruptHighLevel   
0000083f  selectPinInterruptLowLevel    
0000070f  selectPinInterruptRisingEdge  
000003f7  selectPinOpenDrainOutput      
000003a9  selectPinPushPullOutput       
000005fd  setPinAuxFunction             
000004e3  setPinCommitControl           
000008c1  setPinValue                   
00000919  setPortValue                  
000011f3  setUart0BaudRate              
00000a2d  strCompare                    
20000200  valid2                        


GLOBAL SYMBOLS: SORTED BY Symbol Address 

address   name                          
-------   ----                          
00000000  __TI_static_base__            
00000000  g_pfnVectors                  
00000200  __STACK_SIZE                  
0000026d  enablePort                    
00000329  disablePort                   
000003a9  selectPinPushPullOutput       
000003f7  selectPinOpenDrainOutput      
00000445  selectPinDigitalInput         
00000493  selectPinAnalogInput          
000004e3  setPinCommitControl           
0000055f  enablePinPullup               
0000058d  disablePinPullup              
000005b1  enablePinPulldown             
000005d5  disablePinPulldown            
000005fd  setPinAuxFunction             
0000070f  selectPinInterruptRisingEdge  
0000075f  selectPinInterruptFallingEdge 
000007af  selectPinInterruptBothEdges   
00000805  selectPinInterruptHighLevel   
0000083f  selectPinInterruptLowLevel    
00000879  enablePinInterrupt            
0000089d  disablePinInterrupt           
000008c1  setPinValue                   
000008e7  getPinValue                   
00000919  setPortValue                  
0000099d  getPortValue                  
00000a2d  strCompare                    
00000a7d  clearScreen                   
00000aa7  main                          
00000ec1  initTerminal                  
00000ef1  getsUart0                     
00000f51  parseFields                   
00001095  getFieldString                
00001105  getFieldInteger               
00001171  isCommand                     
000011a9  initUart0                     
000011f3  setUart0BaudRate              
00001233  putcUart0                     
0000124f  putsUart0                     
0000127b  getcUart0                     
0000128f  kbhitUart0                    
000012cd  __aeabi_memcpy                
000012cd  __aeabi_memcpy4               
000012cd  __aeabi_memcpy8               
000012cd  memcpy                        
00001369  __TI_decompress_lzss          
000013d1  __TI_auto_init_nobinit_nopinit
00001415  _c_int00_noargs               
00001449  initSystemClockTo40Mhz        
00001459  __TI_decompress_none          
00001467  ResetISR                      
00001473  _system_pre_init              
00001477  C$$EXIT                       
00001477  abort                         
00001480  __TI_Handler_Table_Base       
00001488  __TI_Handler_Table_Limit      
00001490  __TI_CINIT_Base               
00001498  __TI_CINIT_Limit              
20000000  __stack                       
20000000  __start___llvm_prf_cnts       
20000000  __stop___llvm_prf_cnts        
20000200  __STACK_END                   
20000200  __STACK_TOP                   
20000200  valid2                        
ffffffff  __TI_pprof_out_hndl           
ffffffff  __TI_prof_data_size           
ffffffff  __TI_prof_data_start          
ffffffff  __binit__                     
ffffffff  __c_args__                    
ffffffff  binit                         
UNDEFED   __mpu_init                    
UNDEFED   _system_post_cinit            

[72 symbols]
